
Discarded input sections

 .group         0x00000000        0x8 Operating_Systems/RazzleNormal/kernel/kernel.o
 .note.GNU-stack
                0x00000000        0x0 Operating_Systems/RazzleNormal/kernel/kernel.o
 .group         0x00000000        0x8 Operating_Systems/RazzleNormal/kernel/idt.o
 .group         0x00000000        0x8 Operating_Systems/RazzleNormal/kernel/idt.o
 .note.GNU-stack
                0x00000000        0x0 Operating_Systems/RazzleNormal/kernel/idt.o
 .group         0x00000000        0x8 Operating_Systems/RazzleNormal/drivers/VGAf/vgaf.o
 .group         0x00000000        0x8 Operating_Systems/RazzleNormal/drivers/VGAf/vgaf.o
 .group         0x00000000        0x8 Operating_Systems/RazzleNormal/drivers/VGAf/vgaf.o
 .group         0x00000000        0x8 Operating_Systems/RazzleNormal/drivers/VGAf/vgaf.o
 .text.__x86.get_pc_thunk.ax
                0x00000000        0x4 Operating_Systems/RazzleNormal/drivers/VGAf/vgaf.o
 .text.__x86.get_pc_thunk.dx
                0x00000000        0x4 Operating_Systems/RazzleNormal/drivers/VGAf/vgaf.o
 .text.__x86.get_pc_thunk.bx
                0x00000000        0x4 Operating_Systems/RazzleNormal/drivers/VGAf/vgaf.o
 .note.GNU-stack
                0x00000000        0x0 Operating_Systems/RazzleNormal/drivers/VGAf/vgaf.o
 .group         0x00000000        0x8 Operating_Systems/RazzleNormal/drivers/KEYdriver/key.o
 .text.__x86.get_pc_thunk.cx
                0x00000000        0x4 Operating_Systems/RazzleNormal/drivers/KEYdriver/key.o
 .note.GNU-stack
                0x00000000        0x0 Operating_Systems/RazzleNormal/drivers/KEYdriver/key.o
 .group         0x00000000        0x8 Operating_Systems/RazzleNormal/Shell/shell.o
 .group         0x00000000        0x8 Operating_Systems/RazzleNormal/Shell/shell.o
 .text.__x86.get_pc_thunk.bx
                0x00000000        0x4 Operating_Systems/RazzleNormal/Shell/shell.o
 .note.GNU-stack
                0x00000000        0x0 Operating_Systems/RazzleNormal/Shell/shell.o

Memory Configuration

Name             Origin             Length             Attributes
*default*        0x00000000         0xffffffff

Linker script and memory map

                0x00100000                        . = 0x100000

.multiboot      0x00100000        0xc
 *(.multiboot)
 .multiboot     0x00100000        0xc Boot/boot.o

.text           0x00101000      0xfc7
 *(.text)
 .text          0x00101000        0xf Boot/boot.o
                0x00101000                _start
 *fill*         0x0010100f        0x1 
 .text          0x00101010       0xba Operating_Systems/RazzleNormal/kernel/kernel.o
                0x00101010                kernel_main
 *fill*         0x001010ca        0x6 
 .text          0x001010d0       0xc4 Operating_Systems/RazzleNormal/kernel/idt.o
                0x001010d0                idt_set_gate
                0x00101110                init_idt
 *fill*         0x00101194        0xc 
 .text          0x001011a0      0x309 Operating_Systems/RazzleNormal/drivers/VGAf/vgaf.o
                0x00101210                vga_init
                0x00101260                printv
                0x00101300                vga_putc
                0x001013e0                colorscreen
                0x00101430                colortext
                0x00101450                printv_color
                0x00101490                scanv
 *fill*         0x001014a9        0x7 
 .text          0x001014b0       0x58 Operating_Systems/RazzleNormal/drivers/KEYdriver/key.o
                0x001014b0                keyboard_init
                0x001014c0                get_key
 *fill*         0x00101508        0x8 
 .text          0x00101510      0xab7 Operating_Systems/RazzleNormal/Shell/shell.o
                0x00101630                shell_main

.iplt           0x00101fc7        0x0
 .iplt          0x00101fc7        0x0 Boot/boot.o

.text.__x86.get_pc_thunk.bx
                0x00101fc7        0x4
 .text.__x86.get_pc_thunk.bx
                0x00101fc7        0x4 Operating_Systems/RazzleNormal/kernel/kernel.o
                0x00101fc7                __x86.get_pc_thunk.bx

.text.__x86.get_pc_thunk.ax
                0x00101fcb        0x4
 .text.__x86.get_pc_thunk.ax
                0x00101fcb        0x4 Operating_Systems/RazzleNormal/kernel/idt.o
                0x00101fcb                __x86.get_pc_thunk.ax

.text.__x86.get_pc_thunk.dx
                0x00101fcf        0x4
 .text.__x86.get_pc_thunk.dx
                0x00101fcf        0x4 Operating_Systems/RazzleNormal/kernel/idt.o
                0x00101fcf                __x86.get_pc_thunk.dx

.text.__x86.get_pc_thunk.cx
                0x00101fd3        0x4
 .text.__x86.get_pc_thunk.cx
                0x00101fd3        0x4 Operating_Systems/RazzleNormal/drivers/VGAf/vgaf.o
                0x00101fd3                __x86.get_pc_thunk.cx

.text.__x86.get_pc_thunk.bp
                0x00101fd7        0x4
 .text.__x86.get_pc_thunk.bp
                0x00101fd7        0x4 Operating_Systems/RazzleNormal/Shell/shell.o
                0x00101fd7                __x86.get_pc_thunk.bp

.rodata         0x00102000       0x80
 *(.rodata)
 .rodata        0x00102000       0x80 Operating_Systems/RazzleNormal/drivers/KEYdriver/key.o

.rodata.str1.1  0x00102080      0x118
 .rodata.str1.1
                0x00102080      0x118 Operating_Systems/RazzleNormal/kernel/kernel.o
                                 0x3c (size before relaxing)
 .rodata.str1.1
                0x00102198       0xde Operating_Systems/RazzleNormal/Shell/shell.o

.rodata.str1.4  0x00102198      0x4fb
 .rodata.str1.4
                0x00102198      0x4fb Operating_Systems/RazzleNormal/kernel/kernel.o
                                0x102 (size before relaxing)
 .rodata.str1.4
                0x00102693      0x3f7 Operating_Systems/RazzleNormal/Shell/shell.o

.eh_frame       0x00102694      0x588
 .eh_frame      0x00102694       0x54 Operating_Systems/RazzleNormal/kernel/kernel.o
 .eh_frame      0x001026e8       0x50 Operating_Systems/RazzleNormal/kernel/idt.o
                                 0x68 (size before relaxing)
 .eh_frame      0x00102738      0x150 Operating_Systems/RazzleNormal/drivers/VGAf/vgaf.o
                                0x1a4 (size before relaxing)
 .eh_frame      0x00102888       0x28 Operating_Systems/RazzleNormal/drivers/KEYdriver/key.o
                                 0x54 (size before relaxing)
 .eh_frame      0x001028b0      0x36c Operating_Systems/RazzleNormal/Shell/shell.o
                                0x398 (size before relaxing)

.rodata.cst2    0x00102c1c        0x2
 .rodata.cst2   0x00102c1c        0x2 Operating_Systems/RazzleNormal/kernel/idt.o

.rel.dyn        0x00102c20        0x0
 .rel.got       0x00102c20        0x0 Boot/boot.o
 .rel.iplt      0x00102c20        0x0 Boot/boot.o

.data           0x00103000        0x1
 *(.data)
 .data          0x00103000        0x0 Boot/boot.o
 .data          0x00103000        0x0 Operating_Systems/RazzleNormal/kernel/kernel.o
 .data          0x00103000        0x0 Operating_Systems/RazzleNormal/kernel/idt.o
 .data          0x00103000        0x1 Operating_Systems/RazzleNormal/drivers/VGAf/vgaf.o
 .data          0x00103001        0x0 Operating_Systems/RazzleNormal/drivers/KEYdriver/key.o
 .data          0x00103001        0x0 Operating_Systems/RazzleNormal/Shell/shell.o

.got            0x00103004        0x0
 .got           0x00103004        0x0 Boot/boot.o

.got.plt        0x00103004        0xc
 .got.plt       0x00103004        0xc Boot/boot.o
                0x00103004                _GLOBAL_OFFSET_TABLE_

.igot.plt       0x00103010        0x0
 .igot.plt      0x00103010        0x0 Boot/boot.o

.bss            0x00104000     0x4828
 *(COMMON)
 *(.bss)
 .bss           0x00104000     0x4000 Boot/boot.o
 .bss           0x00108000        0x0 Operating_Systems/RazzleNormal/kernel/kernel.o
 .bss           0x00108000      0x820 Operating_Systems/RazzleNormal/kernel/idt.o
                0x00108000                idtp
                0x00108020                idt
 .bss           0x00108820        0x8 Operating_Systems/RazzleNormal/drivers/VGAf/vgaf.o
 .bss           0x00108828        0x0 Operating_Systems/RazzleNormal/drivers/KEYdriver/key.o
 .bss           0x00108828        0x0 Operating_Systems/RazzleNormal/Shell/shell.o

/DISCARD/
 *(.note.GNU-stack)
 *(.gnu_debuglink)
 *(.gnu.lto_*)
LOAD Boot/boot.o
LOAD Operating_Systems/RazzleNormal/kernel/kernel.o
LOAD Operating_Systems/RazzleNormal/kernel/idt.o
LOAD Operating_Systems/RazzleNormal/drivers/VGAf/vgaf.o
LOAD Operating_Systems/RazzleNormal/drivers/KEYdriver/key.o
LOAD Operating_Systems/RazzleNormal/Shell/shell.o
OUTPUT(kernel.bin elf32-i386)

.comment        0x00000000       0x2d
 .comment       0x00000000       0x2d Operating_Systems/RazzleNormal/kernel/kernel.o
                                 0x2e (size before relaxing)
 .comment       0x0000002d       0x2e Operating_Systems/RazzleNormal/kernel/idt.o
 .comment       0x0000002d       0x2e Operating_Systems/RazzleNormal/drivers/VGAf/vgaf.o
 .comment       0x0000002d       0x2e Operating_Systems/RazzleNormal/drivers/KEYdriver/key.o
 .comment       0x0000002d       0x2e Operating_Systems/RazzleNormal/Shell/shell.o
